---
source: tests/integration_test.rs
expression: record
info: "type=SYSCALL msg=audit(1655465404.819:27091): arch=c000003e syscall=59 success=yes exit=0 a0=1a407f50 a1=1a401cd0 a2=1a3ed090 a3=0 items=2 ppid=105932 pid=105933 auid=573 uid=583 gid=583 euid=583 suid=583 fsuid=583 egid=583 sgid=583 fsgid=583 tty=pts2 ses=2632 comm=\"m4\" exe=\"/usr/bin/m4\" key=(null)"
---
{
  "record_type": "SYSCALL",
  "timestamp": 1655465404819,
  "id": 27091,
  "fields": {
    "a0": "1a407f50",
    "a1": "1a401cd0",
    "a2": "1a3ed090",
    "a3": "0",
    "arch": "c000003e",
    "auid": 573,
    "comm": "m4",
    "egid": 583,
    "euid": 583,
    "exe": "/usr/bin/m4",
    "exit": 0,
    "fsgid": 583,
    "fsuid": 583,
    "gid": 583,
    "items": "2",
    "key": "(null)",
    "pid": "105933",
    "ppid": "105932",
    "ses": "2632",
    "sgid": 583,
    "success": true,
    "suid": 583,
    "syscall": "59",
    "tty": "pts2",
    "uid": 583
  }
}
