---
source: tests/integration_test.rs
description: "/home/jorge/github/auditd-parser/tests/data/go-libaudit/test2.log:4"
expression: result
info: "type=PATH msg=audit(1170021493.977:283): item=0 name=\"maildrop\" inode=14911367 dev=03:07 mode=040730 ouid=890 ogid=891 rdev=00:00 obj=system_u:object_r:postfix_spool_maildrop_t:s0"
---
{
  "record_type": "PATH",
  "timestamp": 1170021493977,
  "id": 283,
  "fields": {
    "dev": "03:07",
    "inode": "14911367",
    "item": "0",
    "mode": {
      "attributes": [],
      "file_type": "directory",
      "group": [
        "write",
        "exec"
      ],
      "other": [],
      "user": [
        "read",
        "write",
        "exec"
      ]
    },
    "name": "maildrop",
    "obj": {
      "level": {
        "sensitivity": "s0"
      },
      "module": "SELinux",
      "role": "object_r",
      "type": "postfix_spool_maildrop_t",
      "user": "system_u"
    },
    "ogid": 891,
    "ouid": 890,
    "rdev": "00:00"
  }
}
