---
source: tests/integration_test.rs
description: "/home/jorge/github/auditd-parser/tests/data/linux-audit-parser-rs/line-usys-config.log:1"
expression: result
info: "type=USYS_CONFIG msg=audit(1724337072.493:467): pid=1876 uid=0 auid=4294967295 ses=4294967295 msg='op=change-system-time exe=\"/usr/sbin/hwclock\" hostname=? addr=? terminal=? res=failed'\u001dUID=\"root\" AUID=\"unset\""
---
{
  "record_type": "USYS_CONFIG",
  "timestamp": 1724337072493,
  "id": 467,
  "fields": {
    "auid": null,
    "msg": {
      "addr": "?",
      "exe": "/usr/sbin/hwclock",
      "hostname": "?",
      "op": "change-system-time",
      "res": "failed",
      "terminal": "?"
    },
    "pid": "1876",
    "ses": "4294967295",
    "uid": "root"
  },
  "enrichment": {
    "AUID": "unset",
    "UID": "root"
  }
}
