---
source: tests/integration_test.rs
expression: record
info: "type=SERVICE_STOP msg=audit(1481076984.534:16): pid=1 uid=0 auid=4294967295 ses=4294967295 subj=system_u:system_r:init_t:s0 msg='unit=irqbalance comm=\"systemd\" exe=\"/usr/lib/systemd/systemd\" hostname=? addr=? terminal=? res=success'"
---
{
  "record_type": "SERVICE_STOP",
  "timestamp": 1481076984534,
  "id": 16,
  "fields": {
    "auid": 4294967295,
    "msg": {
      "addr": "?",
      "comm": "systemd",
      "exe": "/usr/lib/systemd/systemd",
      "hostname": "?",
      "res": "success",
      "terminal": "?",
      "unit": "irqbalance"
    },
    "pid": 1,
    "ses": 4294967295,
    "subj": "system_u:system_r:init_t:s0",
    "uid": 0
  }
}
