---
source: tests/integration_test.rs
description: "/home/jorge/github/auditd-parser/tests/data/linux-audit-parser-rs/line-avc-denied.log:1"
expression: result
info: "type=AVC msg=audit(1631798689.083:65686): avc:  denied  { setuid } for  pid=15381 comm=\"laurel\" capability=7  scontext=system_u:system_r:auditd_t:s0 tcontext=system_u:system_r:auditd_t:s0 tclass=capability permissive=1"
---
{
  "Err": {
    "Parse": "error Char at:   denied  { setuid } for  pid=15381 comm=\"laurel\" capability=7  scontext=system_u:system_r:auditd_t:s0 tcontext=system_u:system_r:auditd_t:s0 tclass=capability permissive=1"
  }
}
