---
source: tests/integration_test.rs
description: "/home/jorge/github/auditd-parser/tests/data/synthetic/errno.log:2"
expression: result
info: "type=AUDIT_INTEGRITY_PCR msg=audit(1524662933.080:61207): errno=1"
---
{
  "record_type": "AUDIT_INTEGRITY_PCR",
  "timestamp": 1524662933080,
  "id": 61207,
  "fields": {
    "errno": "EPERM"
  }
}
