---
source: tests/integration_test.rs
expression: record
info: "type=ADD_GROUP msg=audit(1481076992.414:385): pid=1235 uid=0 auid=4294967295 ses=4294967295 subj=system_u:system_r:unconfined_service_t:s0 msg='op=add-group id=1000 exe=\"/usr/sbin/groupadd\" hostname=? addr=? terminal=? res=success'"
---
{
  "record_type": "ADD_GROUP",
  "timestamp": 1481076992414,
  "id": 385,
  "fields": {
    "auid": null,
    "msg": {
      "addr": "?",
      "exe": "/usr/sbin/groupadd",
      "hostname": "?",
      "id": 1000,
      "op": "add-group",
      "res": "success",
      "terminal": "?"
    },
    "pid": "1235",
    "ses": "4294967295",
    "subj": "system_u:system_r:unconfined_service_t:s0",
    "uid": "root"
  }
}
