---
source: tests/integration_test.rs
description: "/home/jorge/github/auditd-parser/tests/data/go-libaudit/audit-rhel7.log:40"
expression: result
info: "type=USER_ROLE_CHANGE msg=audit(1481077043.140:415): pid=1298 uid=0 auid=1000 ses=1 subj=system_u:system_r:sshd_t:s0-s0:c0.c1023 msg='pam: default-context=unconfined_u:unconfined_r:unconfined_t:s0-s0:c0.c1023 selected-context=unconfined_u:unconfined_r:unconfined_t:s0-s0:c0.c1023 exe=\"/usr/sbin/sshd\" hostname=pool-96-241-146-97.washdc.fios.verizon.net addr=96.241.146.97 terminal=ssh res=success'"
---
{
  "record_type": "USER_ROLE_CHANGE",
  "timestamp": 1481077043140,
  "id": 415,
  "fields": {
    "auid": 1000,
    "msg": "pam: default-context=unconfined_u:unconfined_r:unconfined_t:s0-s0:c0.c1023 selected-context=unconfined_u:unconfined_r:unconfined_t:s0-s0:c0.c1023 exe=\"/usr/sbin/sshd\" hostname=pool-96-241-146-97.washdc.fios.verizon.net addr=96.241.146.97 terminal=ssh res=success",
    "pid": "1298",
    "ses": "1",
    "subj": {
      "level": {
        "category": "c0.c1023",
        "sensitivity": "s0-s0"
      },
      "module": "SELinux",
      "role": "system_r",
      "type": "sshd_t",
      "user": "system_u"
    },
    "uid": "root"
  }
}
