---
source: tests/integration_test.rs
expression: record
info: "type=CRYPTO_KEY_USER msg=audit(1481077041.497:404): pid=1299 uid=0 auid=4294967295 ses=4294967295 subj=system_u:system_r:sshd_t:s0-s0:c0.c1023 msg='op=destroy kind=server fp=6d:a3:7f:ed:de:4a:79:f2:aa:49:ec:d1:75:36:97:a3 direction=? spid=1299 suid=0  exe=\"/usr/sbin/sshd\" hostname=? addr=96.241.146.97 terminal=? res=success'"
---
{
  "record_type": "CRYPTO_KEY_USER",
  "timestamp": 1481077041497,
  "id": 404,
  "fields": {
    "auid": null,
    "msg": {
      "addr": "96.241.146.97",
      "direction": "?",
      "exe": "/usr/sbin/sshd",
      "fp": "6d:a3:7f:ed:de:4a:79:f2:aa:49:ec:d1:75:36:97:a3",
      "hostname": "?",
      "kind": "server",
      "op": "destroy",
      "res": "success",
      "spid": "1299",
      "suid": "root",
      "terminal": "?"
    },
    "pid": "1299",
    "ses": "4294967295",
    "subj": "system_u:system_r:sshd_t:s0-s0:c0.c1023",
    "uid": "root"
  }
}
