---
source: tests/integration_test.rs
expression: record
info: "type=USER_ERR msg=audit(1489641207.587:518): pid=1560 uid=0 auid=4294967295 ses=4294967295 subj=system_u:system_r:sshd_t:s0-s0:c0.c1023 msg='op=PAM:bad_ident grantors=? acct=\"?\" exe=\"/usr/sbin/sshd\" hostname=190.48.233.76 addr=190.48.233.76 terminal=ssh res=failed'"
---
{
  "record_type": "USER_ERR",
  "timestamp": 1489641207587,
  "id": 518,
  "fields": {
    "auid": null,
    "msg": {
      "acct": "?",
      "addr": "190.48.233.76",
      "exe": "/usr/sbin/sshd",
      "grantors": "?",
      "hostname": "190.48.233.76",
      "op": "PAM:bad_ident",
      "res": "failed",
      "terminal": "ssh"
    },
    "pid": "1560",
    "ses": "4294967295",
    "subj": "system_u:system_r:sshd_t:s0-s0:c0.c1023",
    "uid": "root"
  }
}
